// Jest Snapshot v1, https://goo.gl/fbAQLP

exports[`ProductTitle show component with custom title 1`] = `
<span
  className="productDescription custom-class"
>
  Custom Product
</span>
`;

exports[`ProductTitle show component with product name 1`] = `
<div
  className="productCard undefined"
>
  <span
    className="productDescription undefined"
  >
    Chocolate Mug - no image
  </span>
</div>
`;
